// Jest Snapshot v1, https://goo.gl/fbAQLP

exports[`ActiveCampaignForm render matches the expected snapshot 1`] = `
<div
  className="_form_1"
>
  <HelmetWrapper
    defer={true}
    encodeSpecialCharacters={true}
  >
    <script
      charSet="utf-8"
      src="https://hatchloyalty.activehosted.com/f/embed.php?id=1"
      type="text/javascript"
    />
  </HelmetWrapper>
</div>
`;
