// Jest Snapshot v1, https://goo.gl/fbAQLP

exports[`Release render matches the expected snapshot 1`] = `
<Panel
  blacklist={
    Array [
      "cursor",
    ]
  }
  border="1px solid"
  borderColor="grayLight"
  borderRadius={4}
  m={0}
  mb={5}
  mt={3}
  p={0}
  width="100%"
>
  <Styled(Component)
    blacklist={
      Array [
        "css",
        "border",
        "borderTop",
        "borderRight",
        "borderBottom",
        "borderLeft",
        "borderColor",
        "m",
        "mt",
        "mr",
        "mb",
        "ml",
        "mx",
        "my",
        "p",
        "pt",
        "pr",
        "pb",
        "pl",
        "px",
        "py",
      ]
    }
    borderBottom="1px solid"
    borderColor="grayLight"
    p={3}
  >
    <Text
      as="h3"
      blacklist={
        Array [
          "css",
          "fontSize",
          "lineHeight",
          "m",
          "mt",
          "mr",
          "mb",
          "ml",
          "mx",
          "my",
          "p",
          "pt",
          "pr",
          "pb",
          "pl",
          "px",
          "py",
          "textStyle",
          "alignItems",
          "color",
          "bg",
          "display",
          "flex",
          "fontWeight",
          "textAlign",
        ]
      }
      fontSize={3}
      lineHeight="1.5"
      m={0}
      my={1}
      textAlign="center"
      textStyle="normal"
    >
      <ForwardRef
        to="/releases/test-release-2019-01"
      >
        Test Release 2019.01
      </ForwardRef>
    </Text>
  </Styled(Component)>
  <Styled(Component)
    blacklist={
      Array [
        "css",
        "border",
        "borderTop",
        "borderRight",
        "borderBottom",
        "borderLeft",
        "borderColor",
        "m",
        "mt",
        "mr",
        "mb",
        "ml",
        "mx",
        "my",
        "p",
        "pt",
        "pr",
        "pb",
        "pl",
        "px",
        "py",
      ]
    }
    borderBottom="1px solid"
    borderColor="grayLight"
    key="change-0"
    p={3}
  >
    <Styled(Component)
      alignItems="flex-start"
      blacklist={
        Array [
          "css",
          "display",
          "flexWrap",
          "alignItems",
          "flexDirection",
          "justifyContent",
          "m",
          "mt",
          "mr",
          "mb",
          "ml",
          "mx",
          "my",
          "p",
          "pt",
          "pr",
          "pb",
          "pl",
          "px",
          "py",
          "width",
        ]
      }
      display="flex"
      flexWrap="wrap"
    >
      <Styled(Component)
        blacklist={
          Array [
            "css",
            "display",
            "flexWrap",
            "alignItems",
            "flexDirection",
            "justifyContent",
            "m",
            "mt",
            "mr",
            "mb",
            "ml",
            "mx",
            "my",
            "p",
            "pt",
            "pr",
            "pb",
            "pl",
            "px",
            "py",
            "width",
          ]
        }
        display="flex"
        flexWrap="wrap"
        justifyContent="flex-end"
        width={120}
      >
        <Styled(Component)
          alignItems="center"
          background="greenXLight"
          blacklist={
            Array [
              "css",
              "alignItems",
              "background",
              "border",
              "borderTop",
              "borderRight",
              "borderBottom",
              "borderLeft",
              "borderColor",
              "borderRadius",
              "color",
              "bg",
              "display",
              "fontSize",
              "fontWeight",
              "justifyContent",
              "m",
              "mt",
              "mr",
              "mb",
              "ml",
              "mx",
              "my",
              "p",
              "pt",
              "pr",
              "pb",
              "pl",
              "px",
              "py",
              "width",
            ]
          }
          border="1px solid"
          borderColor="green"
          borderRadius="10%"
          color="green"
          display="flex"
          fontSize={1}
          fontWeight="bold"
          justifyContent="center"
          mx={2}
          px={2}
        >
          Test
        </Styled(Component)>
      </Styled(Component)>
      <Styled(Component)
        blacklist={
          Array [
            "css",
            "alignItems",
            "border",
            "borderColor",
            "borderBottom",
            "borderRadius",
            "color",
            "bg",
            "display",
            "justifyContent",
            "m",
            "mt",
            "mr",
            "mb",
            "ml",
            "mx",
            "my",
            "p",
            "pt",
            "pr",
            "pb",
            "pl",
            "px",
            "py",
            "width",
          ]
        }
        ml={2}
        style={
          Object {
            "flex": "1 1 0%",
          }
        }
      >
        <Text
          blacklist={
            Array [
              "css",
              "fontSize",
              "lineHeight",
              "m",
              "mt",
              "mr",
              "mb",
              "ml",
              "mx",
              "my",
              "p",
              "pt",
              "pr",
              "pb",
              "pl",
              "px",
              "py",
              "textStyle",
              "alignItems",
              "color",
              "bg",
              "display",
              "flex",
              "fontWeight",
              "textAlign",
            ]
          }
          fontSize={3}
          lineHeight="1.5"
          m={0}
          textStyle="normal"
        >
          Test Change 1
        </Text>
      </Styled(Component)>
    </Styled(Component)>
  </Styled(Component)>
  <Styled(Component)
    blacklist={
      Array [
        "css",
        "border",
        "borderTop",
        "borderRight",
        "borderBottom",
        "borderLeft",
        "borderColor",
        "m",
        "mt",
        "mr",
        "mb",
        "ml",
        "mx",
        "my",
        "p",
        "pt",
        "pr",
        "pb",
        "pl",
        "px",
        "py",
      ]
    }
    borderBottom="1px solid"
    borderColor="grayLight"
    key="change-1"
    p={3}
  >
    <Styled(Component)
      alignItems="flex-start"
      blacklist={
        Array [
          "css",
          "display",
          "flexWrap",
          "alignItems",
          "flexDirection",
          "justifyContent",
          "m",
          "mt",
          "mr",
          "mb",
          "ml",
          "mx",
          "my",
          "p",
          "pt",
          "pr",
          "pb",
          "pl",
          "px",
          "py",
          "width",
        ]
      }
      display="flex"
      flexWrap="wrap"
    >
      <Styled(Component)
        blacklist={
          Array [
            "css",
            "display",
            "flexWrap",
            "alignItems",
            "flexDirection",
            "justifyContent",
            "m",
            "mt",
            "mr",
            "mb",
            "ml",
            "mx",
            "my",
            "p",
            "pt",
            "pr",
            "pb",
            "pl",
            "px",
            "py",
            "width",
          ]
        }
        display="flex"
        flexWrap="wrap"
        justifyContent="flex-end"
        width={120}
      >
        <Styled(Component)
          alignItems="center"
          background="greenXLight"
          blacklist={
            Array [
              "css",
              "alignItems",
              "background",
              "border",
              "borderTop",
              "borderRight",
              "borderBottom",
              "borderLeft",
              "borderColor",
              "borderRadius",
              "color",
              "bg",
              "display",
              "fontSize",
              "fontWeight",
              "justifyContent",
              "m",
              "mt",
              "mr",
              "mb",
              "ml",
              "mx",
              "my",
              "p",
              "pt",
              "pr",
              "pb",
              "pl",
              "px",
              "py",
              "width",
            ]
          }
          border="1px solid"
          borderColor="green"
          borderRadius="10%"
          color="green"
          display="flex"
          fontSize={1}
          fontWeight="bold"
          justifyContent="center"
          mx={2}
          px={2}
        >
          Test HQ
        </Styled(Component)>
      </Styled(Component)>
      <Styled(Component)
        blacklist={
          Array [
            "css",
            "alignItems",
            "border",
            "borderColor",
            "borderBottom",
            "borderRadius",
            "color",
            "bg",
            "display",
            "justifyContent",
            "m",
            "mt",
            "mr",
            "mb",
            "ml",
            "mx",
            "my",
            "p",
            "pt",
            "pr",
            "pb",
            "pl",
            "px",
            "py",
            "width",
          ]
        }
        ml={2}
        style={
          Object {
            "flex": "1 1 0%",
          }
        }
      >
        <Text
          blacklist={
            Array [
              "css",
              "fontSize",
              "lineHeight",
              "m",
              "mt",
              "mr",
              "mb",
              "ml",
              "mx",
              "my",
              "p",
              "pt",
              "pr",
              "pb",
              "pl",
              "px",
              "py",
              "textStyle",
              "alignItems",
              "color",
              "bg",
              "display",
              "flex",
              "fontWeight",
              "textAlign",
            ]
          }
          fontSize={3}
          lineHeight="1.5"
          m={0}
          textStyle="normal"
        >
          Test Change 2
        </Text>
        <ForwardRef
          to="https://developer.hatchloyalty.com/test/change-2"
        >
          <Text
            blacklist={
              Array [
                "css",
                "fontSize",
                "lineHeight",
                "m",
                "mt",
                "mr",
                "mb",
                "ml",
                "mx",
                "my",
                "p",
                "pt",
                "pr",
                "pb",
                "pl",
                "px",
                "py",
                "textStyle",
                "alignItems",
                "color",
                "bg",
                "display",
                "flex",
                "fontWeight",
                "textAlign",
              ]
            }
            fontSize={3}
            lineHeight="1.5"
            m={0}
            textStyle="normal"
          >
            Click to read more
          </Text>
        </ForwardRef>
      </Styled(Component)>
    </Styled(Component)>
  </Styled(Component)>
</Panel>
`;
