// Jest Snapshot v1, https://goo.gl/fbAQLP

exports[`ResourcePostPreview render matches the expected snapshot 1`] = `
<div>
  <ForwardRef
    style={
      Object {
        "color": "#666666",
        "display": "block",
        "textDecoration": "none",
      }
    }
    to="/resource/test-resource-post/"
  >
    Test Resource Post
  </ForwardRef>
  <Text
    blacklist={
      Array [
        "css",
        "fontSize",
        "lineHeight",
        "m",
        "mt",
        "mr",
        "mb",
        "ml",
        "mx",
        "my",
        "p",
        "pt",
        "pr",
        "pb",
        "pl",
        "px",
        "py",
        "textStyle",
        "alignItems",
        "color",
        "bg",
        "display",
        "flex",
        "fontWeight",
        "textAlign",
      ]
    }
    color="grayDark"
    dangerouslySetInnerHTML={
      Object {
        "__html": "This is the excerpt for a resource post.",
      }
    }
    fontSize={3}
    is="p"
    lineHeight="1.5"
    m={0}
    textStyle="normal"
  />
  <ForwardRef
    color="grayDark"
    to="/resource/test-resource-post/"
  >
    Read More
  </ForwardRef>
</div>
`;
